Archive member included to satisfy reference by file (symbol)

c:/program files (x86)/gnu tools arm embedded/5.4 2016q2/bin/../lib/gcc/arm-none-eabi/5.4.1/armv6-m\libgcc.a(_udivsi3.o)
                              ..\obj\main.o (__aeabi_uidiv)
c:/program files (x86)/gnu tools arm embedded/5.4 2016q2/bin/../lib/gcc/arm-none-eabi/5.4.1/armv6-m\libgcc.a(_dvmd_tls.o)
                              c:/program files (x86)/gnu tools arm embedded/5.4 2016q2/bin/../lib/gcc/arm-none-eabi/5.4.1/armv6-m\libgcc.a(_udivsi3.o) (__aeabi_idiv0)

Allocating common symbols
Common symbol       size              file

prescaler_ms        0x4               ..\obj\main.o
prescaler3_ms       0x4               ..\obj\main.o

Discarded input sections

 .text          0x00000000        0x0 ..\obj\main.o
 .data          0x00000000        0x0 ..\obj\main.o
 .bss           0x00000000        0x0 ..\obj\main.o
 .text.rotate_forward
                0x00000000       0x18 ..\obj\main.o
 .text.rotate_backward
                0x00000000       0x18 ..\obj\main.o
 .text.led_init
                0x00000000       0x58 ..\obj\main.o
 .text.open_damper
                0x00000000       0x14 ..\obj\main.o
 .text          0x00000000       0x14 ..\obj\startup_stm32f0xx.o
 .data          0x00000000        0x0 ..\obj\startup_stm32f0xx.o
 .bss           0x00000000        0x0 ..\obj\startup_stm32f0xx.o
 .text          0x00000000        0x0 ..\obj\syscalls.o
 .data          0x00000000        0x0 ..\obj\syscalls.o
 .bss           0x00000000        0x4 ..\obj\syscalls.o
 .text._sbrk    0x00000000       0x3c ..\obj\syscalls.o
 .text.link     0x00000000       0x18 ..\obj\syscalls.o
 .text._close   0x00000000       0x14 ..\obj\syscalls.o
 .text._fstat   0x00000000       0x1c ..\obj\syscalls.o
 .text._isatty  0x00000000       0x14 ..\obj\syscalls.o
 .text._lseek   0x00000000       0x18 ..\obj\syscalls.o
 .text._read    0x00000000       0x18 ..\obj\syscalls.o
 .text._write   0x00000000       0x18 ..\obj\syscalls.o
 .text.abort    0x00000000        0x8 ..\obj\syscalls.o
 .debug_info    0x00000000      0x458 ..\obj\syscalls.o
 .debug_abbrev  0x00000000       0xe5 ..\obj\syscalls.o
 .debug_aranges
                0x00000000       0x60 ..\obj\syscalls.o
 .debug_ranges  0x00000000       0x50 ..\obj\syscalls.o
 .debug_line    0x00000000      0x1ef ..\obj\syscalls.o
 .debug_str     0x00000000      0x336 ..\obj\syscalls.o
 .comment       0x00000000       0x6f ..\obj\syscalls.o
 .debug_frame   0x00000000      0x12c ..\obj\syscalls.o
 .ARM.attributes
                0x00000000       0x31 ..\obj\syscalls.o
 .text          0x00000000        0x0 ..\obj\system_stm32f0xx.o
 .bss           0x00000000        0x0 ..\obj\system_stm32f0xx.o
 .data          0x00000000        0x0 c:/program files (x86)/gnu tools arm embedded/5.4 2016q2/bin/../lib/gcc/arm-none-eabi/5.4.1/armv6-m\libgcc.a(_udivsi3.o)
 .bss           0x00000000        0x0 c:/program files (x86)/gnu tools arm embedded/5.4 2016q2/bin/../lib/gcc/arm-none-eabi/5.4.1/armv6-m\libgcc.a(_udivsi3.o)
 .data          0x00000000        0x0 c:/program files (x86)/gnu tools arm embedded/5.4 2016q2/bin/../lib/gcc/arm-none-eabi/5.4.1/armv6-m\libgcc.a(_dvmd_tls.o)
 .bss           0x00000000        0x0 c:/program files (x86)/gnu tools arm embedded/5.4 2016q2/bin/../lib/gcc/arm-none-eabi/5.4.1/armv6-m\libgcc.a(_dvmd_tls.o)

Memory Configuration

Name             Origin             Length             Attributes
rom              0x08000000         0x00020000         xr
ram              0x20000000         0x00004000         xrw
*default*        0x00000000         0xffffffff

Linker script and memory map

                0x20004000                _eram = 0x20004000

.text           0x08000000      0x5b8
 *(.isr_vector)
 .isr_vector    0x08000000       0xc4 ..\obj\startup_stm32f0xx.o
                0x08000000                g_pfnVectors
 *(.text*)
 .text.InitDelayTIM6
                0x080000c4       0x5c ..\obj\main.o
                0x080000c4                InitDelayTIM6
 .text.TIM6delay_us
                0x08000120       0x38 ..\obj\main.o
                0x08000120                TIM6delay_us
 .text.rotate_servo
                0x08000158       0x6c ..\obj\main.o
                0x08000158                rotate_servo
 .text.close_dumper
                0x080001c4       0x18 ..\obj\main.o
                0x080001c4                close_dumper
 .text.main     0x080001dc       0x3c ..\obj\main.o
                0x080001dc                main
 .text.Reset_Handler
                0x08000218       0x44 ..\obj\startup_stm32f0xx.o
                0x08000218                Reset_Handler
 .text.Default_Handler
                0x0800025c        0x2 ..\obj\startup_stm32f0xx.o
                0x0800025c                PVD_VDDUSB_LP_IRQHandler
                0x0800025c                TIM1_CC_IRQHandler
                0x0800025c                HardFault_Handler
                0x0800025c                ADC1_COMP_IRQHandler
                0x0800025c                SysTick_Handler
                0x0800025c                PendSV_Handler
                0x0800025c                NMI_Handler
                0x0800025c                I2C1_IRQHandler
                0x0800025c                RCC_CRS_IRQHandler
                0x0800025c                SPI1_IRQHandler
                0x0800025c                TIM6_DAC_IRQHandler
                0x0800025c                USART3_4_IRQHandler
                0x0800025c                EXTI2_3_IRQHandler
                0x0800025c                I2C2_IRQHandler
                0x0800025c                TIM17_IRQHandler
                0x0800025c                CEC_CAN_IRQHandler
                0x0800025c                RTC_IRQHandler
                0x0800025c                DMA1_Channel4_5_6_7_IRQHandler
                0x0800025c                TIM16_IRQHandler
                0x0800025c                TIM3_IRQHandler
                0x0800025c                EXTI4_15_IRQHandler
                0x0800025c                DMA1_Channel1_IRQHandler
                0x0800025c                Default_Handler
                0x0800025c                TIM14_IRQHandler
                0x0800025c                TIM7_IRQHandler
                0x0800025c                TIM15_IRQHandler
                0x0800025c                EXTI0_1_IRQHandler
                0x0800025c                SPI2_IRQHandler
                0x0800025c                SVC_Handler
                0x0800025c                USB_LP_IRQHandler
                0x0800025c                TS_IRQHandler
                0x0800025c                WWDG_IRQHandler
                0x0800025c                TIM2_IRQHandler
                0x0800025c                DMA1_Channel2_3_IRQHandler
                0x0800025c                USART2_IRQHandler
                0x0800025c                FLASH_IRQHandler
                0x0800025c                USART1_IRQHandler
                0x0800025c                TIM1_BRK_UP_TRG_COM_IRQHandler
 *fill*         0x0800025e        0x2 
 .text.SystemInit
                0x08000260       0x8c ..\obj\system_stm32f0xx.o
                0x08000260                SystemInit
 .text.SystemCoreClockUpdate
                0x080002ec       0xd4 ..\obj\system_stm32f0xx.o
                0x080002ec                SystemCoreClockUpdate
 .text.SetSysClock
                0x080003c0       0xe0 ..\obj\system_stm32f0xx.o
 .text          0x080004a0      0x114 c:/program files (x86)/gnu tools arm embedded/5.4 2016q2/bin/../lib/gcc/arm-none-eabi/5.4.1/armv6-m\libgcc.a(_udivsi3.o)
                0x080004a0                __aeabi_uidiv
                0x080004a0                __udivsi3
                0x080005ac                __aeabi_uidivmod
 .text          0x080005b4        0x4 c:/program files (x86)/gnu tools arm embedded/5.4 2016q2/bin/../lib/gcc/arm-none-eabi/5.4.1/armv6-m\libgcc.a(_dvmd_tls.o)
                0x080005b4                __aeabi_idiv0
                0x080005b4                __aeabi_ldiv0
 *(.init)
 *(.fini)
 *crtbegin.o(.ctors)
 *crtbegin?.o(.ctors)
 *(EXCLUDE_FILE(*crtend.o *crtend?.o) .ctors)
 *(SORT(.ctors.*))
 *(.ctors)
 *crtbegin.o(.dtors)
 *crtbegin?.o(.dtors)
 *(EXCLUDE_FILE(*crtend.o *crtend?.o) .dtors)
 *(SORT(.dtors.*))
 *(.dtors)
 *(.rodata*)
 *(.eh_fram e*)

.glue_7         0x080005b8        0x0
 .glue_7        0x080005b8        0x0 linker stubs

.glue_7t        0x080005b8        0x0
 .glue_7t       0x080005b8        0x0 linker stubs

.vfp11_veneer   0x080005b8        0x0
 .vfp11_veneer  0x080005b8        0x0 linker stubs

.v4_bx          0x080005b8        0x0
 .v4_bx         0x080005b8        0x0 linker stubs

.iplt           0x080005b8        0x0
 .iplt          0x080005b8        0x0 ..\obj\main.o

.rel.dyn        0x080005b8        0x0
 .rel.iplt      0x080005b8        0x0 ..\obj\main.o

.ARM.extab
 *(.ARM.extab* .gnu.linkonce.armextab.*)
                0x080005b8                __exidx_start = .

.ARM.exidx
 *(.ARM.exidx* .gnu.linkonce.armexidx.*)
                0x080005b8                __exidx_end = .
                0x080005b8                __etext = .
                0x080005b8                _sidata = __etext

.data           0x20000000       0x14 load address 0x080005b8
                0x20000000                __data_start__ = .
                0x20000000                _sdata = __data_start__
 *(vtable)
 *(.data*)
 .data          0x20000000       0x14 ..\obj\system_stm32f0xx.o
                0x20000000                SystemCoreClock
                0x20000004                AHBPrescTable
                0x20000014                . = ALIGN (0x4)
                [!provide]                PROVIDE (__preinit_array_start, .)
 *(.preinit_array)
                [!provide]                PROVIDE (__preinit_array_end, .)
                0x20000014                . = ALIGN (0x4)
                [!provide]                PROVIDE (__init_array_start, .)
 *(SORT(.init_array.*))
 *(.init_array)
                [!provide]                PROVIDE (__init_array_end, .)
                0x20000014                . = ALIGN (0x4)
                [!provide]                PROVIDE (__fini_array_start, .)
 *(SORT(.fini_array.*))
 *(.fini_array)
                [!provide]                PROVIDE (__fini_array_end, .)
 *(.jcr*)
                0x20000014                . = ALIGN (0x4)
                0x20000014                __data_end__ = .
                0x20000014                _edata = __data_end__

.igot.plt       0x20000014        0x0 load address 0x080005cc
 .igot.plt      0x20000014        0x0 ..\obj\main.o

.bss            0x20000014        0x8 load address 0x080005cc
                0x20000014                . = ALIGN (0x4)
                0x20000014                __bss_start__ = .
                0x20000014                _sbss = __bss_start__
 *(.bss*)
 *(COMMON)
 COMMON         0x20000014        0x8 ..\obj\main.o
                0x20000014                prescaler_ms
                0x20000018                prescaler3_ms
                0x2000001c                . = ALIGN (0x4)
                0x2000001c                __bss_end__ = .
                0x2000001c                _ebss = __bss_end__

.heap           0x2000001c        0x0
                0x2000001c                __end__ = .
                0x2000001c                _end = __end__
                0x2000001c                end = __end__
 *(.heap*)
                0x2000001c                __HeapLimit = .

.co_stack       0x2000001c        0x4 load address 0x080005d4
                0x20000020                . = ALIGN (0x8)
 *fill*         0x2000001c        0x4 
 *(.co_stack .co_stack.*)
                0x20004000                __StackTop = (ORIGIN (ram) + LENGTH (ram))
                0x20003ffc                __StackLimit = (__StackTop - SIZEOF (.co_stack))
                [!provide]                PROVIDE (__stack, __StackTop)
                0x00000001                ASSERT ((__StackLimit >= __HeapLimit), region ram  overflowed with stack)
LOAD ..\obj\main.o
LOAD ..\obj\startup_stm32f0xx.o
LOAD ..\obj\syscalls.o
LOAD ..\obj\system_stm32f0xx.o
START GROUP
LOAD c:/program files (x86)/gnu tools arm embedded/5.4 2016q2/bin/../lib/gcc/arm-none-eabi/5.4.1/armv6-m\libgcc.a
LOAD c:/program files (x86)/gnu tools arm embedded/5.4 2016q2/bin/../lib/gcc/arm-none-eabi/5.4.1/../../../../arm-none-eabi/lib/armv6-m\libg.a
LOAD c:/program files (x86)/gnu tools arm embedded/5.4 2016q2/bin/../lib/gcc/arm-none-eabi/5.4.1/../../../../arm-none-eabi/lib/armv6-m\libc.a
END GROUP
OUTPUT(PetFeederV2.elf elf32-littlearm)

.debug_info     0x00000000      0x8e7
 .debug_info    0x00000000      0x53d ..\obj\main.o
 .debug_info    0x0000053d       0xad ..\obj\startup_stm32f0xx.o
 .debug_info    0x000005ea      0x2fd ..\obj\system_stm32f0xx.o

.debug_abbrev   0x00000000      0x2b8
 .debug_abbrev  0x00000000      0x170 ..\obj\main.o
 .debug_abbrev  0x00000170       0x12 ..\obj\startup_stm32f0xx.o
 .debug_abbrev  0x00000182      0x136 ..\obj\system_stm32f0xx.o

.debug_aranges  0x00000000       0xb8
 .debug_aranges
                0x00000000       0x60 ..\obj\main.o
 .debug_aranges
                0x00000060       0x28 ..\obj\startup_stm32f0xx.o
 .debug_aranges
                0x00000088       0x30 ..\obj\system_stm32f0xx.o

.debug_ranges   0x00000000       0x90
 .debug_ranges  0x00000000       0x50 ..\obj\main.o
 .debug_ranges  0x00000050       0x20 ..\obj\startup_stm32f0xx.o
 .debug_ranges  0x00000070       0x20 ..\obj\system_stm32f0xx.o

.debug_line     0x00000000      0x4b1
 .debug_line    0x00000000      0x243 ..\obj\main.o
 .debug_line    0x00000243       0xab ..\obj\startup_stm32f0xx.o
 .debug_line    0x000002ee      0x1c3 ..\obj\system_stm32f0xx.o

.debug_str      0x00000000      0x409
 .debug_str     0x00000000      0x31d ..\obj\main.o
                                0x363 (size before relaxing)
 .debug_str     0x0000031d       0xec ..\obj\system_stm32f0xx.o
                                0x28d (size before relaxing)

.comment        0x00000000       0x6e
 .comment       0x00000000       0x6e ..\obj\main.o
                                 0x6f (size before relaxing)
 .comment       0x0000006e       0x6f ..\obj\system_stm32f0xx.o

.ARM.attributes
                0x00000000       0x2f
 .ARM.attributes
                0x00000000       0x31 ..\obj\main.o
 .ARM.attributes
                0x00000031       0x21 ..\obj\startup_stm32f0xx.o
 .ARM.attributes
                0x00000052       0x31 ..\obj\system_stm32f0xx.o
 .ARM.attributes
                0x00000083       0x1e c:/program files (x86)/gnu tools arm embedded/5.4 2016q2/bin/../lib/gcc/arm-none-eabi/5.4.1/armv6-m\libgcc.a(_udivsi3.o)
 .ARM.attributes
                0x000000a1       0x1e c:/program files (x86)/gnu tools arm embedded/5.4 2016q2/bin/../lib/gcc/arm-none-eabi/5.4.1/armv6-m\libgcc.a(_dvmd_tls.o)

.debug_frame    0x00000000      0x1a0
 .debug_frame   0x00000000      0x114 ..\obj\main.o
 .debug_frame   0x00000114       0x6c ..\obj\system_stm32f0xx.o
 .debug_frame   0x00000180       0x20 c:/program files (x86)/gnu tools arm embedded/5.4 2016q2/bin/../lib/gcc/arm-none-eabi/5.4.1/armv6-m\libgcc.a(_udivsi3.o)
