Archive member included to satisfy reference by file (symbol)

c:/program files (x86)/gnu tools arm embedded/5.4 2016q2/bin/../lib/gcc/arm-none-eabi/5.4.1/armv6-m\libgcc.a(_udivsi3.o)
                              ..\obj\stm32f0xx_rcc.o (__aeabi_uidiv)
c:/program files (x86)/gnu tools arm embedded/5.4 2016q2/bin/../lib/gcc/arm-none-eabi/5.4.1/armv6-m\libgcc.a(_divsi3.o)
                              ..\obj\APS.o (__aeabi_idiv)
c:/program files (x86)/gnu tools arm embedded/5.4 2016q2/bin/../lib/gcc/arm-none-eabi/5.4.1/armv6-m\libgcc.a(_dvmd_tls.o)
                              c:/program files (x86)/gnu tools arm embedded/5.4 2016q2/bin/../lib/gcc/arm-none-eabi/5.4.1/armv6-m\libgcc.a(_udivsi3.o) (__aeabi_idiv0)

Allocating common symbols
Common symbol       size              file

N                   0x3               ..\obj\APS.o
TB                  0xc               ..\obj\APS.o
list                0x60              ..\obj\APS.o
G                   0x8               ..\obj\main.o
Period              0x4               ..\obj\APS.o
RC                  0x24              ..\obj\APS.o

Discarded input sections

 .text          0x00000000        0x0 ..\obj\stm32f0xx_rcc.o
 .bss           0x00000000        0x0 ..\obj\stm32f0xx_rcc.o
 .text.RCC_DeInit
                0x00000000       0x88 ..\obj\stm32f0xx_rcc.o
 .text.RCC_HSEConfig
                0x00000000       0x28 ..\obj\stm32f0xx_rcc.o
 .text.RCC_WaitForHSEStartUp
                0x00000000       0x60 ..\obj\stm32f0xx_rcc.o
 .text.RCC_AdjustHSICalibrationValue
                0x00000000       0x3c ..\obj\stm32f0xx_rcc.o
 .text.RCC_HSICmd
                0x00000000       0x3c ..\obj\stm32f0xx_rcc.o
 .text.RCC_AdjustHSI14CalibrationValue
                0x00000000       0x3c ..\obj\stm32f0xx_rcc.o
 .text.RCC_HSI14Cmd
                0x00000000       0x3c ..\obj\stm32f0xx_rcc.o
 .text.RCC_HSI14ADCRequestCmd
                0x00000000       0x3c ..\obj\stm32f0xx_rcc.o
 .text.RCC_LSEConfig
                0x00000000       0x38 ..\obj\stm32f0xx_rcc.o
 .text.RCC_LSEDriveConfig
                0x00000000       0x2c ..\obj\stm32f0xx_rcc.o
 .text.RCC_LSICmd
                0x00000000       0x3c ..\obj\stm32f0xx_rcc.o
 .text.RCC_PLLConfig
                0x00000000       0x38 ..\obj\stm32f0xx_rcc.o
 .text.RCC_PLLCmd
                0x00000000       0x40 ..\obj\stm32f0xx_rcc.o
 .text.RCC_HSI48Cmd
                0x00000000       0x40 ..\obj\stm32f0xx_rcc.o
 .text.RCC_PREDIV1Config
                0x00000000       0x34 ..\obj\stm32f0xx_rcc.o
 .text.RCC_ClockSecuritySystemCmd
                0x00000000       0x40 ..\obj\stm32f0xx_rcc.o
 .text.RCC_MCOConfig
                0x00000000       0x44 ..\obj\stm32f0xx_rcc.o
 .text.RCC_SYSCLKConfig
                0x00000000       0x34 ..\obj\stm32f0xx_rcc.o
 .text.RCC_GetSYSCLKSource
                0x00000000       0x1c ..\obj\stm32f0xx_rcc.o
 .text.RCC_HCLKConfig
                0x00000000       0x34 ..\obj\stm32f0xx_rcc.o
 .text.RCC_PCLKConfig
                0x00000000       0x38 ..\obj\stm32f0xx_rcc.o
 .text.RCC_ADCCLKConfig
                0x00000000       0x54 ..\obj\stm32f0xx_rcc.o
 .text.RCC_CECCLKConfig
                0x00000000       0x2c ..\obj\stm32f0xx_rcc.o
 .text.RCC_I2CCLKConfig
                0x00000000       0x2c ..\obj\stm32f0xx_rcc.o
 .text.RCC_USARTCLKConfig
                0x00000000       0x50 ..\obj\stm32f0xx_rcc.o
 .text.RCC_USBCLKConfig
                0x00000000       0x2c ..\obj\stm32f0xx_rcc.o
 .text.RCC_RTCCLKConfig
                0x00000000       0x20 ..\obj\stm32f0xx_rcc.o
 .text.RCC_RTCCLKCmd
                0x00000000       0x40 ..\obj\stm32f0xx_rcc.o
 .text.RCC_BackupResetCmd
                0x00000000       0x40 ..\obj\stm32f0xx_rcc.o
 .text.RCC_APB2PeriphClockCmd
                0x00000000       0x40 ..\obj\stm32f0xx_rcc.o
 .text.RCC_AHBPeriphResetCmd
                0x00000000       0x40 ..\obj\stm32f0xx_rcc.o
 .text.RCC_APB2PeriphResetCmd
                0x00000000       0x40 ..\obj\stm32f0xx_rcc.o
 .text.RCC_APB1PeriphResetCmd
                0x00000000       0x40 ..\obj\stm32f0xx_rcc.o
 .text.RCC_ITConfig
                0x00000000       0x50 ..\obj\stm32f0xx_rcc.o
 .text.RCC_GetFlagStatus
                0x00000000       0x94 ..\obj\stm32f0xx_rcc.o
 .text.RCC_ClearFlag
                0x00000000       0x1c ..\obj\stm32f0xx_rcc.o
 .text.RCC_GetITStatus
                0x00000000       0x44 ..\obj\stm32f0xx_rcc.o
 .text.RCC_ClearITPendingBit
                0x00000000       0x20 ..\obj\stm32f0xx_rcc.o
 .text          0x00000000        0x0 ..\obj\main.o
 .data          0x00000000        0x0 ..\obj\main.o
 .text.Delay    0x00000000       0x2c ..\obj\main.o
 .text.start_position
                0x00000000       0x20 ..\obj\main.o
 .text.rotate_food
                0x00000000       0x40 ..\obj\main.o
 .text.rotate_water
                0x00000000       0x40 ..\obj\main.o
 .text          0x00000000       0x14 ..\obj\startup_stm32f0xx.o
 .data          0x00000000        0x0 ..\obj\startup_stm32f0xx.o
 .bss           0x00000000        0x0 ..\obj\startup_stm32f0xx.o
 .text          0x00000000        0x0 ..\obj\APS.o
 .bss           0x00000000        0x0 ..\obj\APS.o
 .text.APS_DeletePin
                0x00000000       0x80 ..\obj\APS.o
 .text.APS_SetPositionPercent
                0x00000000       0x70 ..\obj\APS.o
 .text          0x00000000        0x0 ..\obj\stm32f0xx_gpio.o
 .data          0x00000000        0x0 ..\obj\stm32f0xx_gpio.o
 .bss           0x00000000        0x0 ..\obj\stm32f0xx_gpio.o
 .text.GPIO_DeInit
                0x00000000       0xf0 ..\obj\stm32f0xx_gpio.o
 .text.GPIO_StructInit
                0x00000000       0x34 ..\obj\stm32f0xx_gpio.o
 .text.GPIO_PinLockConfig
                0x00000000       0x48 ..\obj\stm32f0xx_gpio.o
 .text.GPIO_ReadInputDataBit
                0x00000000       0x48 ..\obj\stm32f0xx_gpio.o
 .text.GPIO_ReadInputData
                0x00000000       0x18 ..\obj\stm32f0xx_gpio.o
 .text.GPIO_ReadOutputDataBit
                0x00000000       0x48 ..\obj\stm32f0xx_gpio.o
 .text.GPIO_ReadOutputData
                0x00000000       0x18 ..\obj\stm32f0xx_gpio.o
 .text.GPIO_WriteBit
                0x00000000       0x3c ..\obj\stm32f0xx_gpio.o
 .text.GPIO_Write
                0x00000000       0x20 ..\obj\stm32f0xx_gpio.o
 .text.GPIO_PinAFConfig
                0x00000000       0xa4 ..\obj\stm32f0xx_gpio.o
 .text          0x00000000        0x0 ..\obj\stm32f0xx_rtc.o
 .data          0x00000000        0x0 ..\obj\stm32f0xx_rtc.o
 .bss           0x00000000        0x0 ..\obj\stm32f0xx_rtc.o
 .text.RTC_DeInit
                0x00000000       0xac ..\obj\stm32f0xx_rtc.o
 .text.RTC_Init
                0x00000000       0x84 ..\obj\stm32f0xx_rtc.o
 .text.RTC_StructInit
                0x00000000       0x24 ..\obj\stm32f0xx_rtc.o
 .text.RTC_WriteProtectionCmd
                0x00000000       0x34 ..\obj\stm32f0xx_rtc.o
 .text.RTC_EnterInitMode
                0x00000000       0x80 ..\obj\stm32f0xx_rtc.o
 .text.RTC_ExitInitMode
                0x00000000       0x1c ..\obj\stm32f0xx_rtc.o
 .text.RTC_WaitForSynchro
                0x00000000       0x98 ..\obj\stm32f0xx_rtc.o
 .text.RTC_RefClockCmd
                0x00000000       0x78 ..\obj\stm32f0xx_rtc.o
 .text.RTC_BypassShadowCmd
                0x00000000       0x4c ..\obj\stm32f0xx_rtc.o
 .text.RTC_SetTime
                0x00000000      0x124 ..\obj\stm32f0xx_rtc.o
 .text.RTC_TimeStructInit
                0x00000000       0x28 ..\obj\stm32f0xx_rtc.o
 .text.RTC_GetTime
                0x00000000       0xa4 ..\obj\stm32f0xx_rtc.o
 .text.RTC_GetSubSecond
                0x00000000       0x24 ..\obj\stm32f0xx_rtc.o
 .text.RTC_SetDate
                0x00000000      0x130 ..\obj\stm32f0xx_rtc.o
 .text.RTC_DateStructInit
                0x00000000       0x28 ..\obj\stm32f0xx_rtc.o
 .text.RTC_GetDate
                0x00000000       0xa4 ..\obj\stm32f0xx_rtc.o
 .text.RTC_SetAlarm
                0x00000000      0x124 ..\obj\stm32f0xx_rtc.o
 .text.RTC_AlarmStructInit
                0x00000000       0x3c ..\obj\stm32f0xx_rtc.o
 .text.RTC_GetAlarm
                0x00000000       0xd8 ..\obj\stm32f0xx_rtc.o
 .text.RTC_AlarmCmd
                0x00000000       0xb0 ..\obj\stm32f0xx_rtc.o
 .text.RTC_AlarmSubSecondConfig
                0x00000000       0x44 ..\obj\stm32f0xx_rtc.o
 .text.RTC_GetAlarmSubSecond
                0x00000000       0x24 ..\obj\stm32f0xx_rtc.o
 .text.RTC_WakeUpClockConfig
                0x00000000       0x40 ..\obj\stm32f0xx_rtc.o
 .text.RTC_SetWakeUpCounter
                0x00000000       0x2c ..\obj\stm32f0xx_rtc.o
 .text.RTC_GetWakeUpCounter
                0x00000000       0x18 ..\obj\stm32f0xx_rtc.o
 .text.RTC_WakeUpCmd
                0x00000000       0xac ..\obj\stm32f0xx_rtc.o
 .text.RTC_DayLightSavingConfig
                0x00000000       0x48 ..\obj\stm32f0xx_rtc.o
 .text.RTC_GetStoreOperation
                0x00000000       0x18 ..\obj\stm32f0xx_rtc.o
 .text.RTC_OutputConfig
                0x00000000       0x48 ..\obj\stm32f0xx_rtc.o
 .text.RTC_CalibOutputCmd
                0x00000000       0x54 ..\obj\stm32f0xx_rtc.o
 .text.RTC_CalibOutputConfig
                0x00000000       0x44 ..\obj\stm32f0xx_rtc.o
 .text.RTC_SmoothCalibConfig
                0x00000000       0x94 ..\obj\stm32f0xx_rtc.o
 .text.RTC_TimeStampCmd
                0x00000000       0x64 ..\obj\stm32f0xx_rtc.o
 .text.RTC_GetTimeStamp
                0x00000000      0x120 ..\obj\stm32f0xx_rtc.o
 .text.RTC_GetTimeStampSubSecond
                0x00000000       0x14 ..\obj\stm32f0xx_rtc.o
 .text.RTC_TamperTriggerConfig
                0x00000000       0x3c ..\obj\stm32f0xx_rtc.o
 .text.RTC_TamperCmd
                0x00000000       0x40 ..\obj\stm32f0xx_rtc.o
 .text.RTC_TamperFilterConfig
                0x00000000       0x30 ..\obj\stm32f0xx_rtc.o
 .text.RTC_TamperSamplingFreqConfig
                0x00000000       0x30 ..\obj\stm32f0xx_rtc.o
 .text.RTC_TamperPinsPrechargeDuration
                0x00000000       0x30 ..\obj\stm32f0xx_rtc.o
 .text.RTC_TimeStampOnTamperDetectionCmd
                0x00000000       0x3c ..\obj\stm32f0xx_rtc.o
 .text.RTC_TamperPullUpCmd
                0x00000000       0x40 ..\obj\stm32f0xx_rtc.o
 .text.RTC_WriteBackupRegister
                0x00000000       0x30 ..\obj\stm32f0xx_rtc.o
 .text.RTC_ReadBackupRegister
                0x00000000       0x2c ..\obj\stm32f0xx_rtc.o
 .text.RTC_OutputTypeConfig
                0x00000000       0x30 ..\obj\stm32f0xx_rtc.o
 .text.RTC_SynchroShiftConfig
                0x00000000       0xac ..\obj\stm32f0xx_rtc.o
 .text.RTC_ITConfig
                0x00000000       0x7c ..\obj\stm32f0xx_rtc.o
 .text.RTC_GetFlagStatus
                0x00000000       0x50 ..\obj\stm32f0xx_rtc.o
 .text.RTC_ClearFlag
                0x00000000       0x34 ..\obj\stm32f0xx_rtc.o
 .text.RTC_GetITStatus
                0x00000000       0x7c ..\obj\stm32f0xx_rtc.o
 .text.RTC_ClearITPendingBit
                0x00000000       0x38 ..\obj\stm32f0xx_rtc.o
 .text.RTC_ByteToBcd2
                0x00000000       0x50 ..\obj\stm32f0xx_rtc.o
 .text.RTC_Bcd2ToByte
                0x00000000       0x48 ..\obj\stm32f0xx_rtc.o
 .debug_info    0x00000000      0xf21 ..\obj\stm32f0xx_rtc.o
 .debug_abbrev  0x00000000      0x1b7 ..\obj\stm32f0xx_rtc.o
 .debug_aranges
                0x00000000      0x1c0 ..\obj\stm32f0xx_rtc.o
 .debug_ranges  0x00000000      0x1b0 ..\obj\stm32f0xx_rtc.o
 .debug_line    0x00000000      0x79b ..\obj\stm32f0xx_rtc.o
 .debug_str     0x00000000      0xa46 ..\obj\stm32f0xx_rtc.o
 .comment       0x00000000       0x6f ..\obj\stm32f0xx_rtc.o
 .debug_frame   0x00000000      0x6a0 ..\obj\stm32f0xx_rtc.o
 .ARM.attributes
                0x00000000       0x31 ..\obj\stm32f0xx_rtc.o
 .text          0x00000000        0x0 ..\obj\syscalls.o
 .data          0x00000000        0x0 ..\obj\syscalls.o
 .bss           0x00000000        0x4 ..\obj\syscalls.o
 .text._sbrk    0x00000000       0x3c ..\obj\syscalls.o
 .text.link     0x00000000       0x18 ..\obj\syscalls.o
 .text._close   0x00000000       0x14 ..\obj\syscalls.o
 .text._fstat   0x00000000       0x1c ..\obj\syscalls.o
 .text._isatty  0x00000000       0x14 ..\obj\syscalls.o
 .text._lseek   0x00000000       0x18 ..\obj\syscalls.o
 .text._read    0x00000000       0x18 ..\obj\syscalls.o
 .text._write   0x00000000       0x18 ..\obj\syscalls.o
 .text.abort    0x00000000        0x8 ..\obj\syscalls.o
 .debug_info    0x00000000      0x458 ..\obj\syscalls.o
 .debug_abbrev  0x00000000       0xe5 ..\obj\syscalls.o
 .debug_aranges
                0x00000000       0x60 ..\obj\syscalls.o
 .debug_ranges  0x00000000       0x50 ..\obj\syscalls.o
 .debug_line    0x00000000      0x1f7 ..\obj\syscalls.o
 .debug_str     0x00000000      0x34e ..\obj\syscalls.o
 .comment       0x00000000       0x6f ..\obj\syscalls.o
 .debug_frame   0x00000000      0x12c ..\obj\syscalls.o
 .ARM.attributes
                0x00000000       0x31 ..\obj\syscalls.o
 .text          0x00000000        0x0 ..\obj\stm32f0xx_tim.o
 .data          0x00000000        0x0 ..\obj\stm32f0xx_tim.o
 .bss           0x00000000        0x0 ..\obj\stm32f0xx_tim.o
 .text.TIM_DeInit
                0x00000000      0x124 ..\obj\stm32f0xx_tim.o
 .text.TIM_TimeBaseStructInit
                0x00000000       0x30 ..\obj\stm32f0xx_tim.o
 .text.TIM_PrescalerConfig
                0x00000000       0x30 ..\obj\stm32f0xx_tim.o
 .text.TIM_CounterModeConfig
                0x00000000       0x54 ..\obj\stm32f0xx_tim.o
 .text.TIM_SetCounter
                0x00000000       0x18 ..\obj\stm32f0xx_tim.o
 .text.TIM_SetAutoreload
                0x00000000       0x18 ..\obj\stm32f0xx_tim.o
 .text.TIM_GetCounter
                0x00000000       0x14 ..\obj\stm32f0xx_tim.o
 .text.TIM_GetPrescaler
                0x00000000       0x18 ..\obj\stm32f0xx_tim.o
 .text.TIM_UpdateDisableConfig
                0x00000000       0x40 ..\obj\stm32f0xx_tim.o
 .text.TIM_UpdateRequestConfig
                0x00000000       0x40 ..\obj\stm32f0xx_tim.o
 .text.TIM_ARRPreloadConfig
                0x00000000       0x40 ..\obj\stm32f0xx_tim.o
 .text.TIM_SelectOnePulseMode
                0x00000000       0x38 ..\obj\stm32f0xx_tim.o
 .text.TIM_SetClockDivision
                0x00000000       0x3c ..\obj\stm32f0xx_tim.o
 .text.TIM_BDTRConfig
                0x00000000       0x4c ..\obj\stm32f0xx_tim.o
 .text.TIM_BDTRStructInit
                0x00000000       0x3c ..\obj\stm32f0xx_tim.o
 .text.TIM_CtrlPWMOutputs
                0x00000000       0x4c ..\obj\stm32f0xx_tim.o
 .text.TIM_OC1Init
                0x00000000      0x1a4 ..\obj\stm32f0xx_tim.o
 .text.TIM_OC2Init
                0x00000000      0x1a4 ..\obj\stm32f0xx_tim.o
 .text.TIM_OC3Init
                0x00000000      0x1a8 ..\obj\stm32f0xx_tim.o
 .text.TIM_OC4Init
                0x00000000      0x138 ..\obj\stm32f0xx_tim.o
 .text.TIM_OCStructInit
                0x00000000       0x40 ..\obj\stm32f0xx_tim.o
 .text.TIM_SelectOCxM
                0x00000000       0xd0 ..\obj\stm32f0xx_tim.o
 .text.TIM_SetCompare1
                0x00000000       0x18 ..\obj\stm32f0xx_tim.o
 .text.TIM_SetCompare2
                0x00000000       0x18 ..\obj\stm32f0xx_tim.o
 .text.TIM_SetCompare3
                0x00000000       0x18 ..\obj\stm32f0xx_tim.o
 .text.TIM_SetCompare4
                0x00000000       0x18 ..\obj\stm32f0xx_tim.o
 .text.TIM_ForcedOC1Config
                0x00000000       0x54 ..\obj\stm32f0xx_tim.o
 .text.TIM_ForcedOC2Config
                0x00000000       0x5c ..\obj\stm32f0xx_tim.o
 .text.TIM_ForcedOC3Config
                0x00000000       0x54 ..\obj\stm32f0xx_tim.o
 .text.TIM_ForcedOC4Config
                0x00000000       0x5c ..\obj\stm32f0xx_tim.o
 .text.TIM_CCPreloadControl
                0x00000000       0x40 ..\obj\stm32f0xx_tim.o
 .text.TIM_OC1PreloadConfig
                0x00000000       0x54 ..\obj\stm32f0xx_tim.o
 .text.TIM_OC2PreloadConfig
                0x00000000       0x5c ..\obj\stm32f0xx_tim.o
 .text.TIM_OC3PreloadConfig
                0x00000000       0x54 ..\obj\stm32f0xx_tim.o
 .text.TIM_OC4PreloadConfig
                0x00000000       0x5c ..\obj\stm32f0xx_tim.o
 .text.TIM_OC1FastConfig
                0x00000000       0x54 ..\obj\stm32f0xx_tim.o
 .text.TIM_OC2FastConfig
                0x00000000       0x5c ..\obj\stm32f0xx_tim.o
 .text.TIM_OC3FastConfig
                0x00000000       0x54 ..\obj\stm32f0xx_tim.o
 .text.TIM_OC4FastConfig
                0x00000000       0x5c ..\obj\stm32f0xx_tim.o
 .text.TIM_ClearOC1Ref
                0x00000000       0x54 ..\obj\stm32f0xx_tim.o
 .text.TIM_ClearOC2Ref
                0x00000000       0x58 ..\obj\stm32f0xx_tim.o
 .text.TIM_ClearOC3Ref
                0x00000000       0x54 ..\obj\stm32f0xx_tim.o
 .text.TIM_ClearOC4Ref
                0x00000000       0x58 ..\obj\stm32f0xx_tim.o
 .text.TIM_OC1PolarityConfig
                0x00000000       0x54 ..\obj\stm32f0xx_tim.o
 .text.TIM_OC1NPolarityConfig
                0x00000000       0x54 ..\obj\stm32f0xx_tim.o
 .text.TIM_OC2PolarityConfig
                0x00000000       0x58 ..\obj\stm32f0xx_tim.o
 .text.TIM_OC2NPolarityConfig
                0x00000000       0x58 ..\obj\stm32f0xx_tim.o
 .text.TIM_OC3PolarityConfig
                0x00000000       0x5c ..\obj\stm32f0xx_tim.o
 .text.TIM_OC3NPolarityConfig
                0x00000000       0x5c ..\obj\stm32f0xx_tim.o
 .text.TIM_OC4PolarityConfig
                0x00000000       0x5c ..\obj\stm32f0xx_tim.o
 .text.TIM_SelectOCREFClear
                0x00000000       0x38 ..\obj\stm32f0xx_tim.o
 .text.TIM_CCxCmd
                0x00000000       0x70 ..\obj\stm32f0xx_tim.o
 .text.TIM_CCxNCmd
                0x00000000       0x70 ..\obj\stm32f0xx_tim.o
 .text.TIM_SelectCOM
                0x00000000       0x40 ..\obj\stm32f0xx_tim.o
 .text.TIM_ICInit
                0x00000000       0xb0 ..\obj\stm32f0xx_tim.o
 .text.TIM_ICStructInit
                0x00000000       0x30 ..\obj\stm32f0xx_tim.o
 .text.TIM_PWMIConfig
                0x00000000       0xec ..\obj\stm32f0xx_tim.o
 .text.TIM_GetCapture1
                0x00000000       0x14 ..\obj\stm32f0xx_tim.o
 .text.TIM_GetCapture2
                0x00000000       0x14 ..\obj\stm32f0xx_tim.o
 .text.TIM_GetCapture3
                0x00000000       0x14 ..\obj\stm32f0xx_tim.o
 .text.TIM_GetCapture4
                0x00000000       0x14 ..\obj\stm32f0xx_tim.o
 .text.TIM_SetIC1Prescaler
                0x00000000       0x38 ..\obj\stm32f0xx_tim.o
 .text.TIM_SetIC2Prescaler
                0x00000000       0x40 ..\obj\stm32f0xx_tim.o
 .text.TIM_SetIC3Prescaler
                0x00000000       0x38 ..\obj\stm32f0xx_tim.o
 .text.TIM_SetIC4Prescaler
                0x00000000       0x40 ..\obj\stm32f0xx_tim.o
 .text.TIM_GenerateEvent
                0x00000000       0x20 ..\obj\stm32f0xx_tim.o
 .text.TIM_GetFlagStatus
                0x00000000       0x48 ..\obj\stm32f0xx_tim.o
 .text.TIM_ClearFlag
                0x00000000       0x24 ..\obj\stm32f0xx_tim.o
 .text.TIM_DMAConfig
                0x00000000       0x34 ..\obj\stm32f0xx_tim.o
 .text.TIM_DMACmd
                0x00000000       0x54 ..\obj\stm32f0xx_tim.o
 .text.TIM_SelectCCDMA
                0x00000000       0x40 ..\obj\stm32f0xx_tim.o
 .text.TIM_InternalClockConfig
                0x00000000       0x20 ..\obj\stm32f0xx_tim.o
 .text.TIM_ITRxExternalClockConfig
                0x00000000       0x34 ..\obj\stm32f0xx_tim.o
 .text.TIM_TIxExternalClockConfig
                0x00000000       0x80 ..\obj\stm32f0xx_tim.o
 .text.TIM_ETRClockMode1Config
                0x00000000       0xa0 ..\obj\stm32f0xx_tim.o
 .text.TIM_ETRClockMode2Config
                0x00000000       0x58 ..\obj\stm32f0xx_tim.o
 .text.TIM_SelectInputTrigger
                0x00000000       0x54 ..\obj\stm32f0xx_tim.o
 .text.TIM_SelectOutputTrigger
                0x00000000       0x38 ..\obj\stm32f0xx_tim.o
 .text.TIM_SelectSlaveMode
                0x00000000       0x38 ..\obj\stm32f0xx_tim.o
 .text.TIM_SelectMasterSlaveMode
                0x00000000       0x38 ..\obj\stm32f0xx_tim.o
 .text.TIM_ETRConfig
                0x00000000       0x84 ..\obj\stm32f0xx_tim.o
 .text.TIM_EncoderInterfaceConfig
                0x00000000       0xfc ..\obj\stm32f0xx_tim.o
 .text.TIM_SelectHallSensor
                0x00000000       0x40 ..\obj\stm32f0xx_tim.o
 .text.TIM_RemapConfig
                0x00000000       0x20 ..\obj\stm32f0xx_tim.o
 .text.TI1_Config
                0x00000000       0xd0 ..\obj\stm32f0xx_tim.o
 .text.TI2_Config
                0x00000000       0xf8 ..\obj\stm32f0xx_tim.o
 .text.TI3_Config
                0x00000000       0xf0 ..\obj\stm32f0xx_tim.o
 .text.TI4_Config
                0x00000000      0x100 ..\obj\stm32f0xx_tim.o
 .text          0x00000000        0x0 ..\obj\system_stm32f0xx.o
 .bss           0x00000000        0x0 ..\obj\system_stm32f0xx.o
 .text.SystemCoreClockUpdate
                0x00000000       0xd4 ..\obj\system_stm32f0xx.o
 .text          0x00000000        0x0 ..\obj\stm32f0xx_misc.o
 .data          0x00000000        0x0 ..\obj\stm32f0xx_misc.o
 .bss           0x00000000        0x0 ..\obj\stm32f0xx_misc.o
 .text.NVIC_SystemLPConfig
                0x00000000       0x48 ..\obj\stm32f0xx_misc.o
 .text.SysTick_CLKSourceConfig
                0x00000000       0x34 ..\obj\stm32f0xx_misc.o
 .data          0x00000000        0x0 c:/program files (x86)/gnu tools arm embedded/5.4 2016q2/bin/../lib/gcc/arm-none-eabi/5.4.1/armv6-m\libgcc.a(_udivsi3.o)
 .bss           0x00000000        0x0 c:/program files (x86)/gnu tools arm embedded/5.4 2016q2/bin/../lib/gcc/arm-none-eabi/5.4.1/armv6-m\libgcc.a(_udivsi3.o)
 .data          0x00000000        0x0 c:/program files (x86)/gnu tools arm embedded/5.4 2016q2/bin/../lib/gcc/arm-none-eabi/5.4.1/armv6-m\libgcc.a(_divsi3.o)
 .bss           0x00000000        0x0 c:/program files (x86)/gnu tools arm embedded/5.4 2016q2/bin/../lib/gcc/arm-none-eabi/5.4.1/armv6-m\libgcc.a(_divsi3.o)
 .data          0x00000000        0x0 c:/program files (x86)/gnu tools arm embedded/5.4 2016q2/bin/../lib/gcc/arm-none-eabi/5.4.1/armv6-m\libgcc.a(_dvmd_tls.o)
 .bss           0x00000000        0x0 c:/program files (x86)/gnu tools arm embedded/5.4 2016q2/bin/../lib/gcc/arm-none-eabi/5.4.1/armv6-m\libgcc.a(_dvmd_tls.o)

Memory Configuration

Name             Origin             Length             Attributes
rom              0x08000000         0x00020000         xr
ram              0x20000000         0x00004000         xrw
*default*        0x00000000         0xffffffff

Linker script and memory map

                0x20004000                _eram = 0x20004000

.text           0x08000000     0x12b0
 *(.isr_vector)
 .isr_vector    0x08000000       0xc4 ..\obj\startup_stm32f0xx.o
                0x08000000                g_pfnVectors
 *(.text*)
 .text.RCC_GetClocksFreq
                0x080000c4      0x264 ..\obj\stm32f0xx_rcc.o
                0x080000c4                RCC_GetClocksFreq
 .text.RCC_AHBPeriphClockCmd
                0x08000328       0x40 ..\obj\stm32f0xx_rcc.o
                0x08000328                RCC_AHBPeriphClockCmd
 .text.RCC_APB1PeriphClockCmd
                0x08000368       0x40 ..\obj\stm32f0xx_rcc.o
                0x08000368                RCC_APB1PeriphClockCmd
 .text.NVIC_SetPriority
                0x080003a8       0xdc ..\obj\main.o
 .text.SysTick_Config
                0x08000484       0x4c ..\obj\main.o
 .text.SysTick_Handler
                0x080004d0       0x18 ..\obj\main.o
                0x080004d0                SysTick_Handler
 .text.rotate_simultaniously
                0x080004e8       0x20 ..\obj\main.o
                0x080004e8                rotate_simultaniously
 .text.main     0x08000508       0xa0 ..\obj\main.o
                0x08000508                main
 .text.Reset_Handler
                0x080005a8       0x44 ..\obj\startup_stm32f0xx.o
                0x080005a8                Reset_Handler
 .text.Default_Handler
                0x080005ec        0x2 ..\obj\startup_stm32f0xx.o
                0x080005ec                PVD_VDDUSB_LP_IRQHandler
                0x080005ec                TIM1_CC_IRQHandler
                0x080005ec                HardFault_Handler
                0x080005ec                ADC1_COMP_IRQHandler
                0x080005ec                PendSV_Handler
                0x080005ec                NMI_Handler
                0x080005ec                I2C1_IRQHandler
                0x080005ec                RCC_CRS_IRQHandler
                0x080005ec                SPI1_IRQHandler
                0x080005ec                TIM6_DAC_IRQHandler
                0x080005ec                USART3_4_IRQHandler
                0x080005ec                EXTI2_3_IRQHandler
                0x080005ec                I2C2_IRQHandler
                0x080005ec                TIM17_IRQHandler
                0x080005ec                CEC_CAN_IRQHandler
                0x080005ec                RTC_IRQHandler
                0x080005ec                DMA1_Channel4_5_6_7_IRQHandler
                0x080005ec                TIM16_IRQHandler
                0x080005ec                TIM3_IRQHandler
                0x080005ec                EXTI4_15_IRQHandler
                0x080005ec                DMA1_Channel1_IRQHandler
                0x080005ec                Default_Handler
                0x080005ec                TIM7_IRQHandler
                0x080005ec                TIM15_IRQHandler
                0x080005ec                EXTI0_1_IRQHandler
                0x080005ec                SPI2_IRQHandler
                0x080005ec                SVC_Handler
                0x080005ec                USB_LP_IRQHandler
                0x080005ec                TS_IRQHandler
                0x080005ec                WWDG_IRQHandler
                0x080005ec                TIM2_IRQHandler
                0x080005ec                DMA1_Channel2_3_IRQHandler
                0x080005ec                USART2_IRQHandler
                0x080005ec                FLASH_IRQHandler
                0x080005ec                USART1_IRQHandler
                0x080005ec                TIM1_BRK_UP_TRG_COM_IRQHandler
 *fill*         0x080005ee        0x2 
 .text.TIM14_IRQHandler
                0x080005f0      0x110 ..\obj\APS.o
                0x080005f0                TIM14_IRQHandler
 .text.APS_Init
                0x08000700       0xfc ..\obj\APS.o
                0x08000700                APS_Init
 .text.APS_AddPin
                0x080007fc      0x138 ..\obj\APS.o
                0x080007fc                APS_AddPin
 .text.APS_SetPosition
                0x08000934       0x8c ..\obj\APS.o
                0x08000934                APS_SetPosition
 .text.APS_SetPositionDegree
                0x080009c0       0x7c ..\obj\APS.o
                0x080009c0                APS_SetPositionDegree
 .text.APS_GetStatus
                0x08000a3c       0x1c ..\obj\APS.o
                0x08000a3c                APS_GetStatus
 .text.APS_WaitForUpdate
                0x08000a58       0x14 ..\obj\APS.o
                0x08000a58                APS_WaitForUpdate
 .text.GPIO_Init
                0x08000a6c      0x130 ..\obj\stm32f0xx_gpio.o
                0x08000a6c                GPIO_Init
 .text.GPIO_SetBits
                0x08000b9c       0x20 ..\obj\stm32f0xx_gpio.o
                0x08000b9c                GPIO_SetBits
 .text.GPIO_ResetBits
                0x08000bbc       0x20 ..\obj\stm32f0xx_gpio.o
                0x08000bbc                GPIO_ResetBits
 .text.TIM_TimeBaseInit
                0x08000bdc       0xf0 ..\obj\stm32f0xx_tim.o
                0x08000bdc                TIM_TimeBaseInit
 .text.TIM_Cmd  0x08000ccc       0x40 ..\obj\stm32f0xx_tim.o
                0x08000ccc                TIM_Cmd
 .text.TIM_ITConfig
                0x08000d0c       0x54 ..\obj\stm32f0xx_tim.o
                0x08000d0c                TIM_ITConfig
 .text.TIM_GetITStatus
                0x08000d60       0x80 ..\obj\stm32f0xx_tim.o
                0x08000d60                TIM_GetITStatus
 .text.TIM_ClearITPendingBit
                0x08000de0       0x24 ..\obj\stm32f0xx_tim.o
                0x08000de0                TIM_ClearITPendingBit
 .text.SystemInit
                0x08000e04       0x8c ..\obj\system_stm32f0xx.o
                0x08000e04                SystemInit
 .text.SetSysClock
                0x08000e90       0x88 ..\obj\system_stm32f0xx.o
 .text.NVIC_Init
                0x08000f18       0xac ..\obj\stm32f0xx_misc.o
                0x08000f18                NVIC_Init
 .text          0x08000fc4      0x114 c:/program files (x86)/gnu tools arm embedded/5.4 2016q2/bin/../lib/gcc/arm-none-eabi/5.4.1/armv6-m\libgcc.a(_udivsi3.o)
                0x08000fc4                __aeabi_uidiv
                0x08000fc4                __udivsi3
                0x080010d0                __aeabi_uidivmod
 .text          0x080010d8      0x1d4 c:/program files (x86)/gnu tools arm embedded/5.4 2016q2/bin/../lib/gcc/arm-none-eabi/5.4.1/armv6-m\libgcc.a(_divsi3.o)
                0x080010d8                __divsi3
                0x080010d8                __aeabi_idiv
                0x080012a4                __aeabi_idivmod
 .text          0x080012ac        0x4 c:/program files (x86)/gnu tools arm embedded/5.4 2016q2/bin/../lib/gcc/arm-none-eabi/5.4.1/armv6-m\libgcc.a(_dvmd_tls.o)
                0x080012ac                __aeabi_idiv0
                0x080012ac                __aeabi_ldiv0
 *(.init)
 *(.fini)
 *crtbegin.o(.ctors)
 *crtbegin?.o(.ctors)
 *(EXCLUDE_FILE(*crtend.o *crtend?.o) .ctors)
 *(SORT(.ctors.*))
 *(.ctors)
 *crtbegin.o(.dtors)
 *crtbegin?.o(.dtors)
 *(EXCLUDE_FILE(*crtend.o *crtend?.o) .dtors)
 *(SORT(.dtors.*))
 *(.dtors)
 *(.rodata*)
 *(.eh_fram e*)

.glue_7         0x080012b0        0x0
 .glue_7        0x080012b0        0x0 linker stubs

.glue_7t        0x080012b0        0x0
 .glue_7t       0x080012b0        0x0 linker stubs

.vfp11_veneer   0x080012b0        0x0
 .vfp11_veneer  0x080012b0        0x0 linker stubs

.v4_bx          0x080012b0        0x0
 .v4_bx         0x080012b0        0x0 linker stubs

.iplt           0x080012b0        0x0
 .iplt          0x080012b0        0x0 ..\obj\stm32f0xx_rcc.o

.rel.dyn        0x080012b0        0x0
 .rel.iplt      0x080012b0        0x0 ..\obj\stm32f0xx_rcc.o

.ARM.extab
 *(.ARM.extab* .gnu.linkonce.armextab.*)
                0x080012b0                __exidx_start = .

.ARM.exidx
 *(.ARM.exidx* .gnu.linkonce.armexidx.*)
                0x080012b0                __exidx_end = .
                0x080012b0                __etext = .
                0x080012b0                _sidata = __etext

.data           0x20000000       0x28 load address 0x080012b0
                0x20000000                __data_start__ = .
                0x20000000                _sdata = __data_start__
 *(vtable)
 *(.data*)
 .data          0x20000000       0x10 ..\obj\stm32f0xx_rcc.o
 .data          0x20000010        0x4 ..\obj\APS.o
                0x20000010                oscnt
 .data          0x20000014       0x14 ..\obj\system_stm32f0xx.o
                0x20000014                SystemCoreClock
                0x20000018                AHBPrescTable
                0x20000028                . = ALIGN (0x4)
                [!provide]                PROVIDE (__preinit_array_start, .)
 *(.preinit_array)
                [!provide]                PROVIDE (__preinit_array_end, .)
                0x20000028                . = ALIGN (0x4)
                [!provide]                PROVIDE (__init_array_start, .)
 *(SORT(.init_array.*))
 *(.init_array)
                [!provide]                PROVIDE (__init_array_end, .)
                0x20000028                . = ALIGN (0x4)
                [!provide]                PROVIDE (__fini_array_start, .)
 *(SORT(.fini_array.*))
 *(.fini_array)
                [!provide]                PROVIDE (__fini_array_end, .)
 *(.jcr*)
                0x20000028                . = ALIGN (0x4)
                0x20000028                __data_end__ = .
                0x20000028                _edata = __data_end__

.igot.plt       0x20000028        0x0 load address 0x080012d8
 .igot.plt      0x20000028        0x0 ..\obj\stm32f0xx_rcc.o

.bss            0x20000028       0xa4 load address 0x080012d8
                0x20000028                . = ALIGN (0x4)
                0x20000028                __bss_start__ = .
                0x20000028                _sbss = __bss_start__
 *(.bss*)
 .bss           0x20000028        0x4 ..\obj\main.o
                0x20000028                MSec
 *(COMMON)
 COMMON         0x2000002c        0x8 ..\obj\main.o
                0x2000002c                G
 COMMON         0x20000034       0x98 ..\obj\APS.o
                0x20000034                N
                0x20000038                TB
                0x20000044                list
                0x200000a4                Period
                0x200000a8                RC
                0x200000cc                . = ALIGN (0x4)
                0x200000cc                __bss_end__ = .
                0x200000cc                _ebss = __bss_end__

.heap           0x200000cc        0x0
                0x200000cc                __end__ = .
                0x200000cc                _end = __end__
                0x200000cc                end = __end__
 *(.heap*)
                0x200000cc                __HeapLimit = .

.co_stack       0x200000cc        0x4 load address 0x0800137c
                0x200000d0                . = ALIGN (0x8)
 *fill*         0x200000cc        0x4 
 *(.co_stack .co_stack.*)
                0x20004000                __StackTop = (ORIGIN (ram) + LENGTH (ram))
                0x20003ffc                __StackLimit = (__StackTop - SIZEOF (.co_stack))
                [!provide]                PROVIDE (__stack, __StackTop)
                0x00000001                ASSERT ((__StackLimit >= __HeapLimit), region ram  overflowed with stack)
LOAD ..\obj\stm32f0xx_rcc.o
LOAD ..\obj\main.o
LOAD ..\obj\startup_stm32f0xx.o
LOAD ..\obj\APS.o
LOAD ..\obj\stm32f0xx_gpio.o
LOAD ..\obj\stm32f0xx_rtc.o
LOAD ..\obj\syscalls.o
LOAD ..\obj\stm32f0xx_tim.o
LOAD ..\obj\system_stm32f0xx.o
LOAD ..\obj\stm32f0xx_misc.o
START GROUP
LOAD c:/program files (x86)/gnu tools arm embedded/5.4 2016q2/bin/../lib/gcc/arm-none-eabi/5.4.1/armv6-m\libgcc.a
LOAD c:/program files (x86)/gnu tools arm embedded/5.4 2016q2/bin/../lib/gcc/arm-none-eabi/5.4.1/../../../../arm-none-eabi/lib/armv6-m\libg.a
LOAD c:/program files (x86)/gnu tools arm embedded/5.4 2016q2/bin/../lib/gcc/arm-none-eabi/5.4.1/../../../../arm-none-eabi/lib/armv6-m\libc.a
END GROUP
OUTPUT(STM32F0-AnyPinServo.elf elf32-littlearm)

.debug_info     0x00000000     0x4343
 .debug_info    0x00000000      0xa41 ..\obj\stm32f0xx_rcc.o
 .debug_info    0x00000a41      0x724 ..\obj\main.o
 .debug_info    0x00001165       0xc5 ..\obj\startup_stm32f0xx.o
 .debug_info    0x0000122a      0x8ab ..\obj\APS.o
 .debug_info    0x00001ad5      0x5e7 ..\obj\stm32f0xx_gpio.o
 .debug_info    0x000020bc     0x1c6f ..\obj\stm32f0xx_tim.o
 .debug_info    0x00003d2b      0x2aa ..\obj\system_stm32f0xx.o
 .debug_info    0x00003fd5      0x36e ..\obj\stm32f0xx_misc.o

.debug_abbrev   0x00000000      0xba1
 .debug_abbrev  0x00000000      0x1ee ..\obj\stm32f0xx_rcc.o
 .debug_abbrev  0x000001ee      0x234 ..\obj\main.o
 .debug_abbrev  0x00000422       0x12 ..\obj\startup_stm32f0xx.o
 .debug_abbrev  0x00000434      0x1ce ..\obj\APS.o
 .debug_abbrev  0x00000602      0x19f ..\obj\stm32f0xx_gpio.o
 .debug_abbrev  0x000007a1      0x1b7 ..\obj\stm32f0xx_tim.o
 .debug_abbrev  0x00000958      0x104 ..\obj\system_stm32f0xx.o
 .debug_abbrev  0x00000a5c      0x145 ..\obj\stm32f0xx_misc.o

.debug_aranges  0x00000000      0x628
 .debug_aranges
                0x00000000      0x160 ..\obj\stm32f0xx_rcc.o
 .debug_aranges
                0x00000160       0x60 ..\obj\main.o
 .debug_aranges
                0x000001c0       0x28 ..\obj\startup_stm32f0xx.o
 .debug_aranges
                0x000001e8       0x60 ..\obj\APS.o
 .debug_aranges
                0x00000248       0x80 ..\obj\stm32f0xx_gpio.o
 .debug_aranges
                0x000002c8      0x300 ..\obj\stm32f0xx_tim.o
 .debug_aranges
                0x000005c8       0x30 ..\obj\system_stm32f0xx.o
 .debug_aranges
                0x000005f8       0x30 ..\obj\stm32f0xx_misc.o

.debug_ranges   0x00000000      0x5b0
 .debug_ranges  0x00000000      0x150 ..\obj\stm32f0xx_rcc.o
 .debug_ranges  0x00000150       0x50 ..\obj\main.o
 .debug_ranges  0x000001a0       0x20 ..\obj\startup_stm32f0xx.o
 .debug_ranges  0x000001c0       0x50 ..\obj\APS.o
 .debug_ranges  0x00000210       0x70 ..\obj\stm32f0xx_gpio.o
 .debug_ranges  0x00000280      0x2f0 ..\obj\stm32f0xx_tim.o
 .debug_ranges  0x00000570       0x20 ..\obj\system_stm32f0xx.o
 .debug_ranges  0x00000590       0x20 ..\obj\stm32f0xx_misc.o

.debug_line     0x00000000     0x1e74
 .debug_line    0x00000000      0x584 ..\obj\stm32f0xx_rcc.o
 .debug_line    0x00000584      0x2fd ..\obj\main.o
 .debug_line    0x00000881       0xb3 ..\obj\startup_stm32f0xx.o
 .debug_line    0x00000934      0x375 ..\obj\APS.o
 .debug_line    0x00000ca9      0x32d ..\obj\stm32f0xx_gpio.o
 .debug_line    0x00000fd6      0xa8b ..\obj\stm32f0xx_tim.o
 .debug_line    0x00001a61      0x1b1 ..\obj\system_stm32f0xx.o
 .debug_line    0x00001c12      0x262 ..\obj\stm32f0xx_misc.o

.debug_str      0x00000000     0x1bdd
 .debug_str     0x00000000      0x6ef ..\obj\stm32f0xx_rcc.o
                                0x788 (size before relaxing)
 .debug_str     0x000006ef      0x4da ..\obj\main.o
                                0x649 (size before relaxing)
 .debug_str     0x00000bc9      0x267 ..\obj\APS.o
                                0x701 (size before relaxing)
 .debug_str     0x00000e30      0x199 ..\obj\stm32f0xx_gpio.o
                                0x490 (size before relaxing)
 .debug_str     0x00000fc9      0xab6 ..\obj\stm32f0xx_tim.o
                                0xde2 (size before relaxing)
 .debug_str     0x00001a7f       0x9d ..\obj\system_stm32f0xx.o
                                0x262 (size before relaxing)
 .debug_str     0x00001b1c       0xc1 ..\obj\stm32f0xx_misc.o
                                0x2fa (size before relaxing)

.comment        0x00000000       0x6e
 .comment       0x00000000       0x6e ..\obj\stm32f0xx_rcc.o
                                 0x6f (size before relaxing)
 .comment       0x0000006e       0x6f ..\obj\main.o
 .comment       0x0000006e       0x6f ..\obj\APS.o
 .comment       0x0000006e       0x6f ..\obj\stm32f0xx_gpio.o
 .comment       0x0000006e       0x6f ..\obj\stm32f0xx_tim.o
 .comment       0x0000006e       0x6f ..\obj\system_stm32f0xx.o
 .comment       0x0000006e       0x6f ..\obj\stm32f0xx_misc.o

.ARM.attributes
                0x00000000       0x2f
 .ARM.attributes
                0x00000000       0x31 ..\obj\stm32f0xx_rcc.o
 .ARM.attributes
                0x00000031       0x31 ..\obj\main.o
 .ARM.attributes
                0x00000062       0x21 ..\obj\startup_stm32f0xx.o
 .ARM.attributes
                0x00000083       0x31 ..\obj\APS.o
 .ARM.attributes
                0x000000b4       0x31 ..\obj\stm32f0xx_gpio.o
 .ARM.attributes
                0x000000e5       0x31 ..\obj\stm32f0xx_tim.o
 .ARM.attributes
                0x00000116       0x31 ..\obj\system_stm32f0xx.o
 .ARM.attributes
                0x00000147       0x31 ..\obj\stm32f0xx_misc.o
 .ARM.attributes
                0x00000178       0x1e c:/program files (x86)/gnu tools arm embedded/5.4 2016q2/bin/../lib/gcc/arm-none-eabi/5.4.1/armv6-m\libgcc.a(_udivsi3.o)
 .ARM.attributes
                0x00000196       0x1e c:/program files (x86)/gnu tools arm embedded/5.4 2016q2/bin/../lib/gcc/arm-none-eabi/5.4.1/armv6-m\libgcc.a(_divsi3.o)
 .ARM.attributes
                0x000001b4       0x1e c:/program files (x86)/gnu tools arm embedded/5.4 2016q2/bin/../lib/gcc/arm-none-eabi/5.4.1/armv6-m\libgcc.a(_dvmd_tls.o)

.debug_frame    0x00000000     0x15ec
 .debug_frame   0x00000000      0x524 ..\obj\stm32f0xx_rcc.o
 .debug_frame   0x00000524      0x128 ..\obj\main.o
 .debug_frame   0x0000064c      0x128 ..\obj\APS.o
 .debug_frame   0x00000774      0x1b0 ..\obj\stm32f0xx_gpio.o
 .debug_frame   0x00000924      0xbb0 ..\obj\stm32f0xx_tim.o
 .debug_frame   0x000014d4       0x68 ..\obj\system_stm32f0xx.o
 .debug_frame   0x0000153c       0x70 ..\obj\stm32f0xx_misc.o
 .debug_frame   0x000015ac       0x20 c:/program files (x86)/gnu tools arm embedded/5.4 2016q2/bin/../lib/gcc/arm-none-eabi/5.4.1/armv6-m\libgcc.a(_udivsi3.o)
 .debug_frame   0x000015cc       0x20 c:/program files (x86)/gnu tools arm embedded/5.4 2016q2/bin/../lib/gcc/arm-none-eabi/5.4.1/armv6-m\libgcc.a(_divsi3.o)
